-- Automatically generated by SQLQueryTestSuite
-- !query
SELECT emp.emp_name 
FROM   subquery_emp AS emp 
WHERE  EXISTS (SELECT dept.state 
               FROM   subquery_dept AS dept 
               WHERE  emp.dept_id = dept.dept_id) 
        OR emp.id > 200
-- !query analysis
Project [emp_name#x]
+- Filter (exists#x [dept_id#x] OR (id#x > 200))
   :  +- Project [state#x]
   :     +- Filter (outer(dept_id#x) = dept_id#x)
   :        +- SubqueryAlias dept
   :           +- SubqueryAlias spark_catalog.default.subquery_dept
   :              +- Relation spark_catalog.default.subquery_dept[dept_id#x,dept_name#x,state#x] parquet
   +- SubqueryAlias emp
      +- SubqueryAlias spark_catalog.default.subquery_emp
         +- Relation spark_catalog.default.subquery_emp[id#x,emp_name#x,hiredate#x,salary#x,dept_id#x] parquet


-- !query
SELECT * 
FROM   subquery_emp AS emp 
WHERE  EXISTS (SELECT dept.dept_name 
               FROM   subquery_dept AS dept 
               WHERE  emp.dept_id = dept.dept_id) 
        OR emp.dept_id IS NULL
-- !query analysis
Project [id#x, emp_name#x, hiredate#x, salary#x, dept_id#x]
+- Filter (exists#x [dept_id#x] OR isnull(dept_id#x))
   :  +- Project [dept_name#x]
   :     +- Filter (outer(dept_id#x) = dept_id#x)
   :        +- SubqueryAlias dept
   :           +- SubqueryAlias spark_catalog.default.subquery_dept
   :              +- Relation spark_catalog.default.subquery_dept[dept_id#x,dept_name#x,state#x] parquet
   +- SubqueryAlias emp
      +- SubqueryAlias spark_catalog.default.subquery_emp
         +- Relation spark_catalog.default.subquery_emp[id#x,emp_name#x,hiredate#x,salary#x,dept_id#x] parquet


-- !query
SELECT emp.emp_name 
FROM   subquery_emp AS emp 
WHERE  EXISTS (SELECT dept.state 
               FROM   subquery_dept AS dept 
               WHERE  emp.dept_id = dept.dept_id 
                      AND dept.dept_id = 20) 
        OR EXISTS (SELECT dept.state 
                   FROM   subquery_dept AS dept 
                   WHERE  emp.dept_id = dept.dept_id 
                          AND dept.dept_id = 30)
-- !query analysis
Project [emp_name#x]
+- Filter (exists#x [dept_id#x] OR exists#x [dept_id#x])
   :  :- Project [state#x]
   :  :  +- Filter ((outer(dept_id#x) = dept_id#x) AND (dept_id#x = 20))
   :  :     +- SubqueryAlias dept
   :  :        +- SubqueryAlias spark_catalog.default.subquery_dept
   :  :           +- Relation spark_catalog.default.subquery_dept[dept_id#x,dept_name#x,state#x] parquet
   :  +- Project [state#x]
   :     +- Filter ((outer(dept_id#x) = dept_id#x) AND (dept_id#x = 30))
   :        +- SubqueryAlias dept
   :           +- SubqueryAlias spark_catalog.default.subquery_dept
   :              +- Relation spark_catalog.default.subquery_dept[dept_id#x,dept_name#x,state#x] parquet
   +- SubqueryAlias emp
      +- SubqueryAlias spark_catalog.default.subquery_emp
         +- Relation spark_catalog.default.subquery_emp[id#x,emp_name#x,hiredate#x,salary#x,dept_id#x] parquet


-- !query
SELECT * 
FROM   subquery_bonus AS bonus 
WHERE  ( NOT EXISTS (SELECT * 
                     FROM   subquery_emp AS emp 
                     WHERE  emp.emp_name = emp_name 
                            AND bonus_amt > emp.salary) 
          OR EXISTS (SELECT * 
                     FROM   subquery_emp AS emp 
                     WHERE  emp.emp_name = emp_name 
                             OR bonus_amt < emp.salary) )
-- !query analysis
Project [emp_name#x, bonus_amt#x]
+- Filter (NOT exists#x [bonus_amt#x] OR exists#x [bonus_amt#x])
   :  :- Project [id#x, emp_name#x, hiredate#x, salary#x, dept_id#x]
   :  :  +- Filter ((emp_name#x = emp_name#x) AND (outer(bonus_amt#x) > salary#x))
   :  :     +- SubqueryAlias emp
   :  :        +- SubqueryAlias spark_catalog.default.subquery_emp
   :  :           +- Relation spark_catalog.default.subquery_emp[id#x,emp_name#x,hiredate#x,salary#x,dept_id#x] parquet
   :  +- Project [id#x, emp_name#x, hiredate#x, salary#x, dept_id#x]
   :     +- Filter ((emp_name#x = emp_name#x) OR (outer(bonus_amt#x) < salary#x))
   :        +- SubqueryAlias emp
   :           +- SubqueryAlias spark_catalog.default.subquery_emp
   :              +- Relation spark_catalog.default.subquery_emp[id#x,emp_name#x,hiredate#x,salary#x,dept_id#x] parquet
   +- SubqueryAlias bonus
      +- SubqueryAlias spark_catalog.default.subquery_bonus
         +- Relation spark_catalog.default.subquery_bonus[emp_name#x,bonus_amt#x] parquet


-- !query
SELECT * FROM subquery_bonus AS bonus WHERE NOT EXISTS 
( 
       SELECT * 
       FROM   subquery_emp AS emp 
       WHERE  emp.emp_name = emp_name 
       AND    bonus_amt > emp.salary) 
AND 
emp_name IN 
( 
       SELECT emp_name 
       FROM   subquery_emp AS emp 
       WHERE  bonus_amt < emp.salary)
-- !query analysis
Project [emp_name#x, bonus_amt#x]
+- Filter (NOT exists#x [bonus_amt#x] AND emp_name#x IN (list#x [bonus_amt#x]))
   :  :- Project [id#x, emp_name#x, hiredate#x, salary#x, dept_id#x]
   :  :  +- Filter ((emp_name#x = emp_name#x) AND (outer(bonus_amt#x) > salary#x))
   :  :     +- SubqueryAlias emp
   :  :        +- SubqueryAlias spark_catalog.default.subquery_emp
   :  :           +- Relation spark_catalog.default.subquery_emp[id#x,emp_name#x,hiredate#x,salary#x,dept_id#x] parquet
   :  +- Project [emp_name#x]
   :     +- Filter (outer(bonus_amt#x) < salary#x)
   :        +- SubqueryAlias emp
   :           +- SubqueryAlias spark_catalog.default.subquery_emp
   :              +- Relation spark_catalog.default.subquery_emp[id#x,emp_name#x,hiredate#x,salary#x,dept_id#x] parquet
   +- SubqueryAlias bonus
      +- SubqueryAlias spark_catalog.default.subquery_bonus
         +- Relation spark_catalog.default.subquery_bonus[emp_name#x,bonus_amt#x] parquet
