-- Automatically generated by SQLQueryTestSuite
-- !query
SELECT * 
FROM   subquery_emp AS emp 
WHERE  EXISTS (SELECT 1 
               FROM   subquery_dept AS dept 
               WHERE  dept.dept_id > 10 
                      AND dept.dept_id < 30)
-- !query analysis
Project [id#x, emp_name#x, hiredate#x, salary#x, dept_id#x]
+- Filter exists#x []
   :  +- Project [1 AS 1#x]
   :     +- Filter ((dept_id#x > 10) AND (dept_id#x < 30))
   :        +- SubqueryAlias dept
   :           +- SubqueryAlias spark_catalog.default.subquery_dept
   :              +- Relation spark_catalog.default.subquery_dept[dept_id#x,dept_name#x,state#x] parquet
   +- SubqueryAlias emp
      +- SubqueryAlias spark_catalog.default.subquery_emp
         +- Relation spark_catalog.default.subquery_emp[id#x,emp_name#x,hiredate#x,salary#x,dept_id#x] parquet


-- !query
SELECT * 
FROM   subquery_emp AS emp 
WHERE  EXISTS (SELECT dept.dept_name 
               FROM   subquery_dept AS dept 
               WHERE  emp.dept_id = dept.dept_id)
-- !query analysis
Project [id#x, emp_name#x, hiredate#x, salary#x, dept_id#x]
+- Filter exists#x [dept_id#x]
   :  +- Project [dept_name#x]
   :     +- Filter (outer(dept_id#x) = dept_id#x)
   :        +- SubqueryAlias dept
   :           +- SubqueryAlias spark_catalog.default.subquery_dept
   :              +- Relation spark_catalog.default.subquery_dept[dept_id#x,dept_name#x,state#x] parquet
   +- SubqueryAlias emp
      +- SubqueryAlias spark_catalog.default.subquery_emp
         +- Relation spark_catalog.default.subquery_emp[id#x,emp_name#x,hiredate#x,salary#x,dept_id#x] parquet


-- !query
SELECT * 
FROM   subquery_emp AS emp 
WHERE  EXISTS (SELECT dept.dept_name 
               FROM   subquery_dept AS dept 
               WHERE  emp.dept_id = dept.dept_id 
                       OR emp.dept_id IS NULL)
-- !query analysis
Project [id#x, emp_name#x, hiredate#x, salary#x, dept_id#x]
+- Filter exists#x [dept_id#x && dept_id#x]
   :  +- Project [dept_name#x]
   :     +- Filter ((outer(dept_id#x) = dept_id#x) OR isnull(outer(dept_id#x)))
   :        +- SubqueryAlias dept
   :           +- SubqueryAlias spark_catalog.default.subquery_dept
   :              +- Relation spark_catalog.default.subquery_dept[dept_id#x,dept_name#x,state#x] parquet
   +- SubqueryAlias emp
      +- SubqueryAlias spark_catalog.default.subquery_emp
         +- Relation spark_catalog.default.subquery_emp[id#x,emp_name#x,hiredate#x,salary#x,dept_id#x] parquet


-- !query
SELECT * 
FROM   subquery_emp AS emp 
WHERE  EXISTS (SELECT dept.dept_name 
               FROM   subquery_dept AS dept 
               WHERE  emp.dept_id = dept.dept_id) 
       AND emp.id > 200
-- !query analysis
Project [id#x, emp_name#x, hiredate#x, salary#x, dept_id#x]
+- Filter (exists#x [dept_id#x] AND (id#x > 200))
   :  +- Project [dept_name#x]
   :     +- Filter (outer(dept_id#x) = dept_id#x)
   :        +- SubqueryAlias dept
   :           +- SubqueryAlias spark_catalog.default.subquery_dept
   :              +- Relation spark_catalog.default.subquery_dept[dept_id#x,dept_name#x,state#x] parquet
   +- SubqueryAlias emp
      +- SubqueryAlias spark_catalog.default.subquery_emp
         +- Relation spark_catalog.default.subquery_emp[id#x,emp_name#x,hiredate#x,salary#x,dept_id#x] parquet


-- !query
SELECT emp.emp_name 
FROM   subquery_emp AS emp 
WHERE  EXISTS (SELECT dept.state 
               FROM   subquery_dept AS dept 
               WHERE  emp.dept_id = dept.dept_id) 
       AND emp.id > 200
-- !query analysis
Project [emp_name#x]
+- Filter (exists#x [dept_id#x] AND (id#x > 200))
   :  +- Project [state#x]
   :     +- Filter (outer(dept_id#x) = dept_id#x)
   :        +- SubqueryAlias dept
   :           +- SubqueryAlias spark_catalog.default.subquery_dept
   :              +- Relation spark_catalog.default.subquery_dept[dept_id#x,dept_name#x,state#x] parquet
   +- SubqueryAlias emp
      +- SubqueryAlias spark_catalog.default.subquery_emp
         +- Relation spark_catalog.default.subquery_emp[id#x,emp_name#x,hiredate#x,salary#x,dept_id#x] parquet


-- !query
SELECT * 
FROM   subquery_dept AS dept 
WHERE  NOT EXISTS (SELECT emp_name 
                   FROM   subquery_emp AS emp 
                   WHERE  emp.dept_id = dept.dept_id)
-- !query analysis
Project [dept_id#x, dept_name#x, state#x]
+- Filter NOT exists#x [dept_id#x]
   :  +- Project [emp_name#x]
   :     +- Filter (dept_id#x = outer(dept_id#x))
   :        +- SubqueryAlias emp
   :           +- SubqueryAlias spark_catalog.default.subquery_emp
   :              +- Relation spark_catalog.default.subquery_emp[id#x,emp_name#x,hiredate#x,salary#x,dept_id#x] parquet
   +- SubqueryAlias dept
      +- SubqueryAlias spark_catalog.default.subquery_dept
         +- Relation spark_catalog.default.subquery_dept[dept_id#x,dept_name#x,state#x] parquet


-- !query
SELECT * 
FROM   subquery_dept AS dept 
WHERE  NOT EXISTS (SELECT emp_name 
                   FROM   subquery_emp AS emp 
                   WHERE  emp.dept_id = dept.dept_id 
                           OR state = 'NJ')
-- !query analysis
Project [dept_id#x, dept_name#x, state#x]
+- Filter NOT exists#x [dept_id#x && state#x]
   :  +- Project [emp_name#x]
   :     +- Filter ((dept_id#x = outer(dept_id#x)) OR (outer(state#x) = NJ))
   :        +- SubqueryAlias emp
   :           +- SubqueryAlias spark_catalog.default.subquery_emp
   :              +- Relation spark_catalog.default.subquery_emp[id#x,emp_name#x,hiredate#x,salary#x,dept_id#x] parquet
   +- SubqueryAlias dept
      +- SubqueryAlias spark_catalog.default.subquery_dept
         +- Relation spark_catalog.default.subquery_dept[dept_id#x,dept_name#x,state#x] parquet


-- !query
SELECT * 
FROM   subquery_bonus AS bonus 
WHERE  NOT EXISTS (SELECT * 
                   FROM   subquery_emp AS emp 
                   WHERE  emp.emp_name = emp_name 
                          AND bonus_amt > emp.salary)
-- !query analysis
Project [emp_name#x, bonus_amt#x]
+- Filter NOT exists#x [bonus_amt#x]
   :  +- Project [id#x, emp_name#x, hiredate#x, salary#x, dept_id#x]
   :     +- Filter ((emp_name#x = emp_name#x) AND (outer(bonus_amt#x) > salary#x))
   :        +- SubqueryAlias emp
   :           +- SubqueryAlias spark_catalog.default.subquery_emp
   :              +- Relation spark_catalog.default.subquery_emp[id#x,emp_name#x,hiredate#x,salary#x,dept_id#x] parquet
   +- SubqueryAlias bonus
      +- SubqueryAlias spark_catalog.default.subquery_bonus
         +- Relation spark_catalog.default.subquery_bonus[emp_name#x,bonus_amt#x] parquet


-- !query
SELECT emp.*
FROM   subquery_emp AS emp
WHERE  NOT EXISTS (SELECT NULL
                   FROM   bonus
                   WHERE  bonus.emp_name = emp.emp_name)
-- !query analysis
org.apache.spark.sql.catalyst.ExtendedAnalysisException
{
  "errorClass" : "TABLE_OR_VIEW_NOT_FOUND",
  "sqlState" : "42P01",
  "messageParameters" : {
    "relationName" : "`bonus`"
  },
  "queryContext" : [ {
    "objectType" : "",
    "objectName" : "",
    "startIndex" : 98,
    "stopIndex" : 102,
    "fragment" : "bonus"
  } ]
}


-- !query
SELECT * 
FROM   subquery_bonus AS bonus 
WHERE  EXISTS (SELECT emp_name 
               FROM   subquery_emp AS emp 
               WHERE  bonus.emp_name = emp.emp_name 
                      AND EXISTS (SELECT state 
                                  FROM   subquery_dept AS dept 
                                  WHERE  dept.dept_id = emp.dept_id))
-- !query analysis
Project [emp_name#x, bonus_amt#x]
+- Filter exists#x [emp_name#x]
   :  +- Project [emp_name#x]
   :     +- Filter ((outer(emp_name#x) = emp_name#x) AND exists#x [dept_id#x])
   :        :  +- Project [state#x]
   :        :     +- Filter (dept_id#x = outer(dept_id#x))
   :        :        +- SubqueryAlias dept
   :        :           +- SubqueryAlias spark_catalog.default.subquery_dept
   :        :              +- Relation spark_catalog.default.subquery_dept[dept_id#x,dept_name#x,state#x] parquet
   :        +- SubqueryAlias emp
   :           +- SubqueryAlias spark_catalog.default.subquery_emp
   :              +- Relation spark_catalog.default.subquery_emp[id#x,emp_name#x,hiredate#x,salary#x,dept_id#x] parquet
   +- SubqueryAlias bonus
      +- SubqueryAlias spark_catalog.default.subquery_bonus
         +- Relation spark_catalog.default.subquery_bonus[emp_name#x,bonus_amt#x] parquet
