-- Automatically generated by SQLQueryTestSuite
-- !query
SELECT dept_id, count(*) 
FROM   subquery_emp AS emp 
GROUP  BY dept_id 
HAVING EXISTS (SELECT 1 
               FROM   subquery_bonus AS bonus 
               WHERE  bonus_amt < min(emp.salary))
-- !query schema
struct<dept_id:int,count(1):bigint>
-- !query output
10	3
100	2
20	1
30	1
70	1
NULL	1


-- !query
SELECT * 
FROM   subquery_dept AS dept 
WHERE  EXISTS (SELECT dept_id, 
                      Count(*) 
               FROM   subquery_emp AS emp 
               GROUP  BY dept_id 
               HAVING EXISTS (SELECT 1 
                              FROM   subquery_bonus AS bonus 
                              WHERE bonus_amt < Min(emp.salary)))
-- !query schema
struct<dept_id:int,dept_name:string,state:string>
-- !query output
10	dept 1	CA
20	dept 2	NY
30	dept 3	TX
40	dept 4 - unassigned	OR
50	dept 5 - unassigned	NJ
70	dept 7	FL


-- !query
SELECT dept_id, 
       Max(salary) 
FROM   subquery_emp AS emp gp 
WHERE  EXISTS (SELECT dept_id, 
                      Count(*) 
               FROM   subquery_emp AS emp p
               GROUP  BY dept_id 
               HAVING EXISTS (SELECT 1 
                              FROM   subquery_bonus AS bonus 
                              WHERE  bonus_amt < Min(p.salary))) 
GROUP  BY gp.dept_id
-- !query schema
struct<>
-- !query output
org.apache.spark.sql.catalyst.parser.ParseException
{
  "errorClass" : "PARSE_SYNTAX_ERROR",
  "sqlState" : "42601",
  "messageParameters" : {
    "error" : "'gp'",
    "hint" : ""
  }
}


-- !query
SELECT * 
FROM   subquery_dept AS dept 
WHERE  EXISTS (SELECT dept_id, 
                        Count(*) 
                 FROM   subquery_emp AS emp 
                 GROUP  BY dept_id 
                 HAVING EXISTS (SELECT 1 
                                FROM   subquery_bonus AS bonus 
                                WHERE  bonus_amt > Min(emp.salary)))
-- !query schema
struct<dept_id:int,dept_name:string,state:string>
-- !query output
10	dept 1	CA
20	dept 2	NY
30	dept 3	TX
40	dept 4 - unassigned	OR
50	dept 5 - unassigned	NJ
70	dept 7	FL


-- !query
SELECT * 
FROM   subquery_dept AS dept 
WHERE  EXISTS (SELECT dept_id, 
                      count(emp.dept_id)
               FROM   subquery_emp AS emp 
               WHERE  dept.dept_id = dept_id 
               GROUP  BY dept_id 
               HAVING EXISTS (SELECT 1 
                              FROM   subquery_bonus AS bonus 
                              WHERE  ( bonus_amt > min(emp.salary) 
                                       AND count(emp.dept_id) > 1 )))
-- !query schema
struct<dept_id:int,dept_name:string,state:string>
-- !query output
10	dept 1	CA
